// Vitest Snapshot v1, https://vitest.dev/guide/snapshot.html

exports[`<ChatBubble/> > render own message correctly 1`] = `
"<!-- Example Received Message -->
<div class="flex">
  <div class="bg-gray-300 text-black p-2 rounded-lg max-w-xs">Hola mundo
    <!--v-if-->
  </div>
</div>"
`;
